../Core/Src/main.c:90:7:calculatePID	24	static
../Core/Src/main.c:112:5:pidControl	8	static
../Core/Src/main.c:120:6:buckMode	8	static
../Core/Src/main.c:140:6:boostMode	16	static
../Core/Src/main.c:171:5:main	8	static
../Core/Src/main.c:239:6:SystemClock_Config	88	static
../Core/Src/main.c:286:13:MX_ADC1_Init	24	static
../Core/Src/main.c:338:13:MX_TIM1_Init	96	static
../Core/Src/main.c:418:13:MX_TIM3_Init	32	static
../Core/Src/main.c:463:13:MX_USART1_UART_Init	8	static
../Core/Src/main.c:496:13:MX_USART2_UART_Init	8	static
../Core/Src/main.c:529:13:MX_GPIO_Init	48	static
../Core/Src/main.c:569:6:Error_Handler	4	static,ignoring_inline_asm
